                                    ╭──────╮
                                    │ End  │
                                    ╰──────╯
                                        ▲
                                        │ finish
                                   ╭────┴────╮
                                   │ Running │
                                   ╰─────────╯
                                        ▲
                                        │ start
                              ╭─────────┴────────╮
                              │ Waiting for work │
                              ╰──────────────────╯
                                        ▲
                                        │
                                    ╭───┴───╮
                                    │ Start │
                                    ╰───────╯